15:55:12 **** Incremental Build of configuration Debug for project stm32bootloader ****
make -j16 all 
arm-none-eabi-gcc -o "stm32bootloader.elf" @"objects.list"   -mcpu=cortex-m4 -T"C:\Projects\C Projects\STM32-MQTT-Bootloader\stm32bootloader\STM32L476XX_FLASH.ld" --specs=nosys.specs -Wl,-Map="stm32bootloader.map" -Wl,--gc-sections -static --specs=nano.specs -mfpu=fpv4-sp-d16 -mfloat-abi=hard -mthumb -Wl,--start-group -lc -lm -Wl,--end-group
Finished building target: stm32bootloader.elf
 
arm-none-eabi-size  stm32bootloader.elf 
arm-none-eabi-objdump -h -S stm32bootloader.elf  > "stm32bootloader.list"
   text	   data	    bss	    dec	    hex	filename
  13192	     16	   1840	  15048	   3ac8	stm32bootloader.elf
arm-none-eabi-objcopy  -O binary stm32bootloader.elf  "stm32bootloader.bin"
Finished building: default.size.stdout
 
Finished building: stm32bootloader.list
 
Finished building: stm32bootloader.bin
 
16:17:20 **** Build of configuration Debug for project stm32bootloader ****
make -j16 all 
arm-none-eabi-size  stm32bootloader.elf 
   text	   data	    bss	    dec	    hex	filename
  13192	     16	   1840	  15048	   3ac8	stm32bootloader.elf
Finished building: default.size.stdout
 
03:58:11 **** Build of configuration Debug for project stm32app ****
make -j16 all 
arm-none-eabi-gcc "../Drivers/STM32L4xx_HAL_Driver/Src/stm32l4xx_hal.c" -mcpu=cortex-m4 -std=gnu11 -g3 -DDEBUG -DUSE_HAL_DRIVER -DSTM32L476xx -c -I../Core/Inc -I../Drivers/STM32L4xx_HAL_Driver/Inc -I../Drivers/STM32L4xx_HAL_Driver/Inc/Legacy -I../Drivers/CMSIS/Device/ST/STM32L4xx/Include -I../Drivers/CMSIS/Include -O0 -ffunction-sections -fdata-sections -Wall -fstack-usage -fcyclomatic-complexity -MMD -MP -MF"Drivers/STM32L4xx_HAL_Driver/Src/stm32l4xx_hal.d" -MT"Drivers/STM32L4xx_HAL_Driver/Src/stm32l4xx_hal.o" --specs=nano.specs -mfpu=fpv4-sp-d16 -mfloat-abi=hard -mthumb -o "Drivers/STM32L4xx_HAL_Driver/Src/stm32l4xx_hal.o"
arm-none-eabi-gcc "../Drivers/STM32L4xx_HAL_Driver/Src/stm32l4xx_hal_cortex.c" -mcpu=cortex-m4 -std=gnu11 -g3 -DDEBUG -DUSE_HAL_DRIVER -DSTM32L476xx -c -I../Core/Inc -I../Drivers/STM32L4xx_HAL_Driver/Inc -I../Drivers/STM32L4xx_HAL_Driver/Inc/Legacy -I../Drivers/CMSIS/Device/ST/STM32L4xx/Include -I../Drivers/CMSIS/Include -O0 -ffunction-sections -fdata-sections -Wall -fstack-usage -fcyclomatic-complexity -MMD -MP -MF"Drivers/STM32L4xx_HAL_Driver/Src/stm32l4xx_hal_cortex.d" -MT"Drivers/STM32L4xx_HAL_Driver/Src/stm32l4xx_hal_cortex.o" --specs=nano.specs -mfpu=fpv4-sp-d16 -mfloat-abi=hard -mthumb -o "Drivers/STM32L4xx_HAL_Driver/Src/stm32l4xx_hal_cortex.o"
arm-none-eabi-gcc "../Drivers/STM32L4xx_HAL_Driver/Src/stm32l4xx_hal_dma.c" -mcpu=cortex-m4 -std=gnu11 -g3 -DDEBUG -DUSE_HAL_DRIVER -DSTM32L476xx -c -I../Core/Inc -I../Drivers/STM32L4xx_HAL_Driver/Inc -I../Drivers/STM32L4xx_HAL_Driver/Inc/Legacy -I../Drivers/CMSIS/Device/ST/STM32L4xx/Include -I../Drivers/CMSIS/Include -O0 -ffunction-sections -fdata-sections -Wall -fstack-usage -fcyclomatic-complexity -MMD -MP -MF"Drivers/STM32L4xx_HAL_Driver/Src/stm32l4xx_hal_dma.d" -MT"Drivers/STM32L4xx_HAL_Driver/Src/stm32l4xx_hal_dma.o" --specs=nano.specs -mfpu=fpv4-sp-d16 -mfloat-abi=hard -mthumb -o "Drivers/STM32L4xx_HAL_Driver/Src/stm32l4xx_hal_dma.o"
arm-none-eabi-gcc "../Drivers/STM32L4xx_HAL_Driver/Src/stm32l4xx_hal_dma_ex.c" -mcpu=cortex-m4 -std=gnu11 -g3 -DDEBUG -DUSE_HAL_DRIVER -DSTM32L476xx -c -I../Core/Inc -I../Drivers/STM32L4xx_HAL_Driver/Inc -I../Drivers/STM32L4xx_HAL_Driver/Inc/Legacy -I../Drivers/CMSIS/Device/ST/STM32L4xx/Include -I../Drivers/CMSIS/Include -O0 -ffunction-sections -fdata-sections -Wall -fstack-usage -fcyclomatic-complexity -MMD -MP -MF"Drivers/STM32L4xx_HAL_Driver/Src/stm32l4xx_hal_dma_ex.d" -MT"Drivers/STM32L4xx_HAL_Driver/Src/stm32l4xx_hal_dma_ex.o" --specs=nano.specs -mfpu=fpv4-sp-d16 -mfloat-abi=hard -mthumb -o "Drivers/STM32L4xx_HAL_Driver/Src/stm32l4xx_hal_dma_ex.o"
arm-none-eabi-gcc "../Drivers/STM32L4xx_HAL_Driver/Src/stm32l4xx_hal_exti.c" -mcpu=cortex-m4 -std=gnu11 -g3 -DDEBUG -DUSE_HAL_DRIVER -DSTM32L476xx -c -I../Core/Inc -I../Drivers/STM32L4xx_HAL_Driver/Inc -I../Drivers/STM32L4xx_HAL_Driver/Inc/Legacy -I../Drivers/CMSIS/Device/ST/STM32L4xx/Include -I../Drivers/CMSIS/Include -O0 -ffunction-sections -fdata-sections -Wall -fstack-usage -fcyclomatic-complexity -MMD -MP -MF"Drivers/STM32L4xx_HAL_Driver/Src/stm32l4xx_hal_exti.d" -MT"Drivers/STM32L4xx_HAL_Driver/Src/stm32l4xx_hal_exti.o" --specs=nano.specs -mfpu=fpv4-sp-d16 -mfloat-abi=hard -mthumb -o "Drivers/STM32L4xx_HAL_Driver/Src/stm32l4xx_hal_exti.o"
arm-none-eabi-gcc "../Drivers/STM32L4xx_HAL_Driver/Src/stm32l4xx_hal_flash.c" -mcpu=cortex-m4 -std=gnu11 -g3 -DDEBUG -DUSE_HAL_DRIVER -DSTM32L476xx -c -I../Core/Inc -I../Drivers/STM32L4xx_HAL_Driver/Inc -I../Drivers/STM32L4xx_HAL_Driver/Inc/Legacy -I../Drivers/CMSIS/Device/ST/STM32L4xx/Include -I../Drivers/CMSIS/Include -O0 -ffunction-sections -fdata-sections -Wall -fstack-usage -fcyclomatic-complexity -MMD -MP -MF"Drivers/STM32L4xx_HAL_Driver/Src/stm32l4xx_hal_flash.d" -MT"Drivers/STM32L4xx_HAL_Driver/Src/stm32l4xx_hal_flash.o" --specs=nano.specs -mfpu=fpv4-sp-d16 -mfloat-abi=hard -mthumb -o "Drivers/STM32L4xx_HAL_Driver/Src/stm32l4xx_hal_flash.o"
arm-none-eabi-gcc "../Drivers/STM32L4xx_HAL_Driver/Src/stm32l4xx_hal_flash_ex.c" -mcpu=cortex-m4 -std=gnu11 -g3 -DDEBUG -DUSE_HAL_DRIVER -DSTM32L476xx -c -I../Core/Inc -I../Drivers/STM32L4xx_HAL_Driver/Inc -I../Drivers/STM32L4xx_HAL_Driver/Inc/Legacy -I../Drivers/CMSIS/Device/ST/STM32L4xx/Include -I../Drivers/CMSIS/Include -O0 -ffunction-sections -fdata-sections -Wall -fstack-usage -fcyclomatic-complexity -MMD -MP -MF"Drivers/STM32L4xx_HAL_Driver/Src/stm32l4xx_hal_flash_ex.d" -MT"Drivers/STM32L4xx_HAL_Driver/Src/stm32l4xx_hal_flash_ex.o" --specs=nano.specs -mfpu=fpv4-sp-d16 -mfloat-abi=hard -mthumb -o "Drivers/STM32L4xx_HAL_Driver/Src/stm32l4xx_hal_flash_ex.o"
arm-none-eabi-gcc "../Drivers/STM32L4xx_HAL_Driver/Src/stm32l4xx_hal_flash_ramfunc.c" -mcpu=cortex-m4 -std=gnu11 -g3 -DDEBUG -DUSE_HAL_DRIVER -DSTM32L476xx -c -I../Core/Inc -I../Drivers/STM32L4xx_HAL_Driver/Inc -I../Drivers/STM32L4xx_HAL_Driver/Inc/Legacy -I../Drivers/CMSIS/Device/ST/STM32L4xx/Include -I../Drivers/CMSIS/Include -O0 -ffunction-sections -fdata-sections -Wall -fstack-usage -fcyclomatic-complexity -MMD -MP -MF"Drivers/STM32L4xx_HAL_Driver/Src/stm32l4xx_hal_flash_ramfunc.d" -MT"Drivers/STM32L4xx_HAL_Driver/Src/stm32l4xx_hal_flash_ramfunc.o" --specs=nano.specs -mfpu=fpv4-sp-d16 -mfloat-abi=hard -mthumb -o "Drivers/STM32L4xx_HAL_Driver/Src/stm32l4xx_hal_flash_ramfunc.o"
arm-none-eabi-gcc "../Drivers/STM32L4xx_HAL_Driver/Src/stm32l4xx_hal_gpio.c" -mcpu=cortex-m4 -std=gnu11 -g3 -DDEBUG -DUSE_HAL_DRIVER -DSTM32L476xx -c -I../Core/Inc -I../Drivers/STM32L4xx_HAL_Driver/Inc -I../Drivers/STM32L4xx_HAL_Driver/Inc/Legacy -I../Drivers/CMSIS/Device/ST/STM32L4xx/Include -I../Drivers/CMSIS/Include -O0 -ffunction-sections -fdata-sections -Wall -fstack-usage -fcyclomatic-complexity -MMD -MP -MF"Drivers/STM32L4xx_HAL_Driver/Src/stm32l4xx_hal_gpio.d" -MT"Drivers/STM32L4xx_HAL_Driver/Src/stm32l4xx_hal_gpio.o" --specs=nano.specs -mfpu=fpv4-sp-d16 -mfloat-abi=hard -mthumb -o "Drivers/STM32L4xx_HAL_Driver/Src/stm32l4xx_hal_gpio.o"
arm-none-eabi-gcc "../Drivers/STM32L4xx_HAL_Driver/Src/stm32l4xx_hal_i2c.c" -mcpu=cortex-m4 -std=gnu11 -g3 -DDEBUG -DUSE_HAL_DRIVER -DSTM32L476xx -c -I../Core/Inc -I../Drivers/STM32L4xx_HAL_Driver/Inc -I../Drivers/STM32L4xx_HAL_Driver/Inc/Legacy -I../Drivers/CMSIS/Device/ST/STM32L4xx/Include -I../Drivers/CMSIS/Include -O0 -ffunction-sections -fdata-sections -Wall -fstack-usage -fcyclomatic-complexity -MMD -MP -MF"Drivers/STM32L4xx_HAL_Driver/Src/stm32l4xx_hal_i2c.d" -MT"Drivers/STM32L4xx_HAL_Driver/Src/stm32l4xx_hal_i2c.o" --specs=nano.specs -mfpu=fpv4-sp-d16 -mfloat-abi=hard -mthumb -o "Drivers/STM32L4xx_HAL_Driver/Src/stm32l4xx_hal_i2c.o"
arm-none-eabi-gcc "../Drivers/STM32L4xx_HAL_Driver/Src/stm32l4xx_hal_i2c_ex.c" -mcpu=cortex-m4 -std=gnu11 -g3 -DDEBUG -DUSE_HAL_DRIVER -DSTM32L476xx -c -I../Core/Inc -I../Drivers/STM32L4xx_HAL_Driver/Inc -I../Drivers/STM32L4xx_HAL_Driver/Inc/Legacy -I../Drivers/CMSIS/Device/ST/STM32L4xx/Include -I../Drivers/CMSIS/Include -O0 -ffunction-sections -fdata-sections -Wall -fstack-usage -fcyclomatic-complexity -MMD -MP -MF"Drivers/STM32L4xx_HAL_Driver/Src/stm32l4xx_hal_i2c_ex.d" -MT"Drivers/STM32L4xx_HAL_Driver/Src/stm32l4xx_hal_i2c_ex.o" --specs=nano.specs -mfpu=fpv4-sp-d16 -mfloat-abi=hard -mthumb -o "Drivers/STM32L4xx_HAL_Driver/Src/stm32l4xx_hal_i2c_ex.o"
arm-none-eabi-gcc "../Drivers/STM32L4xx_HAL_Driver/Src/stm32l4xx_hal_pwr.c" -mcpu=cortex-m4 -std=gnu11 -g3 -DDEBUG -DUSE_HAL_DRIVER -DSTM32L476xx -c -I../Core/Inc -I../Drivers/STM32L4xx_HAL_Driver/Inc -I../Drivers/STM32L4xx_HAL_Driver/Inc/Legacy -I../Drivers/CMSIS/Device/ST/STM32L4xx/Include -I../Drivers/CMSIS/Include -O0 -ffunction-sections -fdata-sections -Wall -fstack-usage -fcyclomatic-complexity -MMD -MP -MF"Drivers/STM32L4xx_HAL_Driver/Src/stm32l4xx_hal_pwr.d" -MT"Drivers/STM32L4xx_HAL_Driver/Src/stm32l4xx_hal_pwr.o" --specs=nano.specs -mfpu=fpv4-sp-d16 -mfloat-abi=hard -mthumb -o "Drivers/STM32L4xx_HAL_Driver/Src/stm32l4xx_hal_pwr.o"
arm-none-eabi-gcc "../Drivers/STM32L4xx_HAL_Driver/Src/stm32l4xx_hal_pwr_ex.c" -mcpu=cortex-m4 -std=gnu11 -g3 -DDEBUG -DUSE_HAL_DRIVER -DSTM32L476xx -c -I../Core/Inc -I../Drivers/STM32L4xx_HAL_Driver/Inc -I../Drivers/STM32L4xx_HAL_Driver/Inc/Legacy -I../Drivers/CMSIS/Device/ST/STM32L4xx/Include -I../Drivers/CMSIS/Include -O0 -ffunction-sections -fdata-sections -Wall -fstack-usage -fcyclomatic-complexity -MMD -MP -MF"Drivers/STM32L4xx_HAL_Driver/Src/stm32l4xx_hal_pwr_ex.d" -MT"Drivers/STM32L4xx_HAL_Driver/Src/stm32l4xx_hal_pwr_ex.o" --specs=nano.specs -mfpu=fpv4-sp-d16 -mfloat-abi=hard -mthumb -o "Drivers/STM32L4xx_HAL_Driver/Src/stm32l4xx_hal_pwr_ex.o"
arm-none-eabi-gcc "../Drivers/STM32L4xx_HAL_Driver/Src/stm32l4xx_hal_rcc.c" -mcpu=cortex-m4 -std=gnu11 -g3 -DDEBUG -DUSE_HAL_DRIVER -DSTM32L476xx -c -I../Core/Inc -I../Drivers/STM32L4xx_HAL_Driver/Inc -I../Drivers/STM32L4xx_HAL_Driver/Inc/Legacy -I../Drivers/CMSIS/Device/ST/STM32L4xx/Include -I../Drivers/CMSIS/Include -O0 -ffunction-sections -fdata-sections -Wall -fstack-usage -fcyclomatic-complexity -MMD -MP -MF"Drivers/STM32L4xx_HAL_Driver/Src/stm32l4xx_hal_rcc.d" -MT"Drivers/STM32L4xx_HAL_Driver/Src/stm32l4xx_hal_rcc.o" --specs=nano.specs -mfpu=fpv4-sp-d16 -mfloat-abi=hard -mthumb -o "Drivers/STM32L4xx_HAL_Driver/Src/stm32l4xx_hal_rcc.o"
arm-none-eabi-gcc "../Drivers/STM32L4xx_HAL_Driver/Src/stm32l4xx_hal_rcc_ex.c" -mcpu=cortex-m4 -std=gnu11 -g3 -DDEBUG -DUSE_HAL_DRIVER -DSTM32L476xx -c -I../Core/Inc -I../Drivers/STM32L4xx_HAL_Driver/Inc -I../Drivers/STM32L4xx_HAL_Driver/Inc/Legacy -I../Drivers/CMSIS/Device/ST/STM32L4xx/Include -I../Drivers/CMSIS/Include -O0 -ffunction-sections -fdata-sections -Wall -fstack-usage -fcyclomatic-complexity -MMD -MP -MF"Drivers/STM32L4xx_HAL_Driver/Src/stm32l4xx_hal_rcc_ex.d" -MT"Drivers/STM32L4xx_HAL_Driver/Src/stm32l4xx_hal_rcc_ex.o" --specs=nano.specs -mfpu=fpv4-sp-d16 -mfloat-abi=hard -mthumb -o "Drivers/STM32L4xx_HAL_Driver/Src/stm32l4xx_hal_rcc_ex.o"
arm-none-eabi-gcc "../Drivers/STM32L4xx_HAL_Driver/Src/stm32l4xx_hal_uart.c" -mcpu=cortex-m4 -std=gnu11 -g3 -DDEBUG -DUSE_HAL_DRIVER -DSTM32L476xx -c -I../Core/Inc -I../Drivers/STM32L4xx_HAL_Driver/Inc -I../Drivers/STM32L4xx_HAL_Driver/Inc/Legacy -I../Drivers/CMSIS/Device/ST/STM32L4xx/Include -I../Drivers/CMSIS/Include -O0 -ffunction-sections -fdata-sections -Wall -fstack-usage -fcyclomatic-complexity -MMD -MP -MF"Drivers/STM32L4xx_HAL_Driver/Src/stm32l4xx_hal_uart.d" -MT"Drivers/STM32L4xx_HAL_Driver/Src/stm32l4xx_hal_uart.o" --specs=nano.specs -mfpu=fpv4-sp-d16 -mfloat-abi=hard -mthumb -o "Drivers/STM32L4xx_HAL_Driver/Src/stm32l4xx_hal_uart.o"
arm-none-eabi-gcc "../Drivers/STM32L4xx_HAL_Driver/Src/stm32l4xx_hal_uart_ex.c" -mcpu=cortex-m4 -std=gnu11 -g3 -DDEBUG -DUSE_HAL_DRIVER -DSTM32L476xx -c -I../Core/Inc -I../Drivers/STM32L4xx_HAL_Driver/Inc -I../Drivers/STM32L4xx_HAL_Driver/Inc/Legacy -I../Drivers/CMSIS/Device/ST/STM32L4xx/Include -I../Drivers/CMSIS/Include -O0 -ffunction-sections -fdata-sections -Wall -fstack-usage -fcyclomatic-complexity -MMD -MP -MF"Drivers/STM32L4xx_HAL_Driver/Src/stm32l4xx_hal_uart_ex.d" -MT"Drivers/STM32L4xx_HAL_Driver/Src/stm32l4xx_hal_uart_ex.o" --specs=nano.specs -mfpu=fpv4-sp-d16 -mfloat-abi=hard -mthumb -o "Drivers/STM32L4xx_HAL_Driver/Src/stm32l4xx_hal_uart_ex.o"
arm-none-eabi-gcc -mcpu=cortex-m4 -g3 -DDEBUG -c -x assembler-with-cpp -MMD -MP -MF"Core/Startup/startup_stm32l476rgtx.d" -MT"Core/Startup/startup_stm32l476rgtx.o" --specs=nano.specs -mfpu=fpv4-sp-d16 -mfloat-abi=hard -mthumb -o "Core/Startup/startup_stm32l476rgtx.o" "../Core/Startup/startup_stm32l476rgtx.s"
arm-none-eabi-gcc "../Core/Src/main.c" -mcpu=cortex-m4 -std=gnu11 -g3 -DDEBUG -DUSE_HAL_DRIVER -DSTM32L476xx -c -I../Core/Inc -I../Drivers/STM32L4xx_HAL_Driver/Inc -I../Drivers/STM32L4xx_HAL_Driver/Inc/Legacy -I../Drivers/CMSIS/Device/ST/STM32L4xx/Include -I../Drivers/CMSIS/Include -O0 -ffunction-sections -fdata-sections -Wall -fstack-usage -fcyclomatic-complexity -MMD -MP -MF"Core/Src/main.d" -MT"Core/Src/main.o" --specs=nano.specs -mfpu=fpv4-sp-d16 -mfloat-abi=hard -mthumb -o "Core/Src/main.o"
arm-none-eabi-gcc "../Core/Src/stm32l4xx_hal_msp.c" -mcpu=cortex-m4 -std=gnu11 -g3 -DDEBUG -DUSE_HAL_DRIVER -DSTM32L476xx -c -I../Core/Inc -I../Drivers/STM32L4xx_HAL_Driver/Inc -I../Drivers/STM32L4xx_HAL_Driver/Inc/Legacy -I../Drivers/CMSIS/Device/ST/STM32L4xx/Include -I../Drivers/CMSIS/Include -O0 -ffunction-sections -fdata-sections -Wall -fstack-usage -fcyclomatic-complexity -MMD -MP -MF"Core/Src/stm32l4xx_hal_msp.d" -MT"Core/Src/stm32l4xx_hal_msp.o" --specs=nano.specs -mfpu=fpv4-sp-d16 -mfloat-abi=hard -mthumb -o "Core/Src/stm32l4xx_hal_msp.o"
arm-none-eabi-gcc "../Core/Src/stm32l4xx_it.c" -mcpu=cortex-m4 -std=gnu11 -g3 -DDEBUG -DUSE_HAL_DRIVER -DSTM32L476xx -c -I../Core/Inc -I../Drivers/STM32L4xx_HAL_Driver/Inc -I../Drivers/STM32L4xx_HAL_Driver/Inc/Legacy -I../Drivers/CMSIS/Device/ST/STM32L4xx/Include -I../Drivers/CMSIS/Include -O0 -ffunction-sections -fdata-sections -Wall -fstack-usage -fcyclomatic-complexity -MMD -MP -MF"Core/Src/stm32l4xx_it.d" -MT"Core/Src/stm32l4xx_it.o" --specs=nano.specs -mfpu=fpv4-sp-d16 -mfloat-abi=hard -mthumb -o "Core/Src/stm32l4xx_it.o"
arm-none-eabi-gcc "../Core/Src/syscalls.c" -mcpu=cortex-m4 -std=gnu11 -g3 -DDEBUG -DUSE_HAL_DRIVER -DSTM32L476xx -c -I../Core/Inc -I../Drivers/STM32L4xx_HAL_Driver/Inc -I../Drivers/STM32L4xx_HAL_Driver/Inc/Legacy -I../Drivers/CMSIS/Device/ST/STM32L4xx/Include -I../Drivers/CMSIS/Include -O0 -ffunction-sections -fdata-sections -Wall -fstack-usage -fcyclomatic-complexity -MMD -MP -MF"Core/Src/syscalls.d" -MT"Core/Src/syscalls.o" --specs=nano.specs -mfpu=fpv4-sp-d16 -mfloat-abi=hard -mthumb -o "Core/Src/syscalls.o"
arm-none-eabi-gcc "../Core/Src/sysmem.c" -mcpu=cortex-m4 -std=gnu11 -g3 -DDEBUG -DUSE_HAL_DRIVER -DSTM32L476xx -c -I../Core/Inc -I../Drivers/STM32L4xx_HAL_Driver/Inc -I../Drivers/STM32L4xx_HAL_Driver/Inc/Legacy -I../Drivers/CMSIS/Device/ST/STM32L4xx/Include -I../Drivers/CMSIS/Include -O0 -ffunction-sections -fdata-sections -Wall -fstack-usage -fcyclomatic-complexity -MMD -MP -MF"Core/Src/sysmem.d" -MT"Core/Src/sysmem.o" --specs=nano.specs -mfpu=fpv4-sp-d16 -mfloat-abi=hard -mthumb -o "Core/Src/sysmem.o"
arm-none-eabi-gcc "../Core/Src/system_stm32l4xx.c" -mcpu=cortex-m4 -std=gnu11 -g3 -DDEBUG -DUSE_HAL_DRIVER -DSTM32L476xx -c -I../Core/Inc -I../Drivers/STM32L4xx_HAL_Driver/Inc -I../Drivers/STM32L4xx_HAL_Driver/Inc/Legacy -I../Drivers/CMSIS/Device/ST/STM32L4xx/Include -I../Drivers/CMSIS/Include -O0 -ffunction-sections -fdata-sections -Wall -fstack-usage -fcyclomatic-complexity -MMD -MP -MF"Core/Src/system_stm32l4xx.d" -MT"Core/Src/system_stm32l4xx.o" --specs=nano.specs -mfpu=fpv4-sp-d16 -mfloat-abi=hard -mthumb -o "Core/Src/system_stm32l4xx.o"
arm-none-eabi-gcc -o "stm32app.elf" @"objects.list"   -mcpu=cortex-m4 -T"C:\Projects\C Projects\STM32-MQTT-Bootloader\stm32app\STM32L476RGTX_FLASH.ld" --specs=nosys.specs -Wl,-Map="stm32app.map" -Wl,--gc-sections -static --specs=nano.specs -mfpu=fpv4-sp-d16 -mfloat-abi=hard -mthumb -Wl,--start-group -lc -lm -Wl,--end-group
Finished building target: stm32app.elf
 
arm-none-eabi-size  stm32app.elf 
arm-none-eabi-objdump -h -S stm32app.elf  > "stm32app.list"
   text	   data	    bss	    dec	    hex	filename
  12940	     12	   1844	  14796	   39cc	stm32app.elf
arm-none-eabi-objcopy  -O binary stm32app.elf  "stm32app.bin"
Finished building: default.size.stdout
 
Finished building: stm32app.bin
Finished building: stm32app.list
 
 
03:58:12 **** Build of configuration Debug for project stm32bootloader ****
make -j16 all 
arm-none-eabi-size  stm32bootloader.elf 
   text	   data	    bss	    dec	    hex	filename
  13192	     16	   1840	  15048	   3ac8	stm32bootloader.elf
Finished building: default.size.stdout
 
04:04:05 **** Incremental Build of configuration Debug for project stm32app ****
make -j16 all 
arm-none-eabi-gcc "../Core/Src/main.c" -mcpu=cortex-m4 -std=gnu11 -g3 -DDEBUG -DUSE_HAL_DRIVER -DSTM32L476xx -c -I../Core/Inc -I../Drivers/STM32L4xx_HAL_Driver/Inc -I../Drivers/STM32L4xx_HAL_Driver/Inc/Legacy -I../Drivers/CMSIS/Device/ST/STM32L4xx/Include -I../Drivers/CMSIS/Include -O0 -ffunction-sections -fdata-sections -Wall -fstack-usage -fcyclomatic-complexity -MMD -MP -MF"Core/Src/main.d" -MT"Core/Src/main.o" --specs=nano.specs -mfpu=fpv4-sp-d16 -mfloat-abi=hard -mthumb -o "Core/Src/main.o"
arm-none-eabi-gcc -o "stm32app.elf" @"objects.list"   -mcpu=cortex-m4 -T"C:\Projects\C Projects\STM32-MQTT-Bootloader\stm32app\STM32L476RGTX_FLASH.ld" --specs=nosys.specs -Wl,-Map="stm32app.map" -Wl,--gc-sections -static --specs=nano.specs -mfpu=fpv4-sp-d16 -mfloat-abi=hard -mthumb -Wl,--start-group -lc -lm -Wl,--end-group
Finished building target: stm32app.elf
 
arm-none-eabi-size  stm32app.elf 
arm-none-eabi-objdump -h -S stm32app.elf  > "stm32app.list"
   text	   data	    bss	    dec	    hex	filename
  12940	     12	   1844	  14796	   39cc	stm32app.elf
arm-none-eabi-objcopy  -O binary stm32app.elf  "stm32app.bin"
Finished building: default.size.stdout
 
Finished building: stm32app.bin
Finished building: stm32app.list
 
 
04:04:06 **** Incremental Build of configuration Debug for project stm32bootloader ****
make -j16 all 
arm-none-eabi-gcc "../Core/Src/main.c" -mcpu=cortex-m4 -std=gnu11 -g3 -DDEBUG -DUSE_HAL_DRIVER -DSTM32L476xx -c -I../Core/Inc -I../Drivers/STM32L4xx_HAL_Driver/Inc -I../Drivers/STM32L4xx_HAL_Driver/Inc/Legacy -I../Drivers/CMSIS/Device/ST/STM32L4xx/Include -I../Drivers/CMSIS/Include -O0 -ffunction-sections -fdata-sections -Wall -fstack-usage -fcyclomatic-complexity -MMD -MP -MF"Core/Src/main.d" -MT"Core/Src/main.o" --specs=nano.specs -mfpu=fpv4-sp-d16 -mfloat-abi=hard -mthumb -o "Core/Src/main.o"
arm-none-eabi-gcc -o "stm32bootloader.elf" @"objects.list"   -mcpu=cortex-m4 -T"C:\Projects\C Projects\STM32-MQTT-Bootloader\stm32bootloader\STM32L476XX_FLASH.ld" --specs=nosys.specs -Wl,-Map="stm32bootloader.map" -Wl,--gc-sections -static --specs=nano.specs -mfpu=fpv4-sp-d16 -mfloat-abi=hard -mthumb -Wl,--start-group -lc -lm -Wl,--end-group
Finished building target: stm32bootloader.elf
 
arm-none-eabi-size  stm32bootloader.elf 
arm-none-eabi-objdump -h -S stm32bootloader.elf  > "stm32bootloader.list"
   text	   data	    bss	    dec	    hex	filename
  13192	     16	   1840	  15048	   3ac8	stm32bootloader.elf
arm-none-eabi-objcopy  -O binary stm32bootloader.elf  "stm32bootloader.bin"
Finished building: default.size.stdout
 
Finished building: stm32bootloader.bin
Finished building: stm32bootloader.list
 
 
04:06:49 **** Incremental Build of configuration Debug for project stm32app ****
make -j16 all 
arm-none-eabi-size  stm32app.elf 
   text	   data	    bss	    dec	    hex	filename
  12940	     12	   1844	  14796	   39cc	stm32app.elf
Finished building: default.size.stdout
 
04:06:49 **** Incremental Build of configuration Debug for project stm32bootloader ****
make -j16 all 
arm-none-eabi-gcc "../Core/Src/main.c" -mcpu=cortex-m4 -std=gnu11 -g3 -DDEBUG -DUSE_HAL_DRIVER -DSTM32L476xx -c -I../Core/Inc -I../Drivers/STM32L4xx_HAL_Driver/Inc -I../Drivers/STM32L4xx_HAL_Driver/Inc/Legacy -I../Drivers/CMSIS/Device/ST/STM32L4xx/Include -I../Drivers/CMSIS/Include -O0 -ffunction-sections -fdata-sections -Wall -fstack-usage -fcyclomatic-complexity -MMD -MP -MF"Core/Src/main.d" -MT"Core/Src/main.o" --specs=nano.specs -mfpu=fpv4-sp-d16 -mfloat-abi=hard -mthumb -o "Core/Src/main.o"
arm-none-eabi-gcc -o "stm32bootloader.elf" @"objects.list"   -mcpu=cortex-m4 -T"C:\Projects\C Projects\STM32-MQTT-Bootloader\stm32bootloader\STM32L476XX_FLASH.ld" --specs=nosys.specs -Wl,-Map="stm32bootloader.map" -Wl,--gc-sections -static --specs=nano.specs -mfpu=fpv4-sp-d16 -mfloat-abi=hard -mthumb -Wl,--start-group -lc -lm -Wl,--end-group
Finished building target: stm32bootloader.elf
 
arm-none-eabi-size  stm32bootloader.elf 
arm-none-eabi-objdump -h -S stm32bootloader.elf  > "stm32bootloader.list"
   text	   data	    bss	    dec	    hex	filename
  13208	     16	   1840	  15064	   3ad8	stm32bootloader.elf
arm-none-eabi-objcopy  -O binary stm32bootloader.elf  "stm32bootloader.bin"
Finished building: default.size.stdout
 
Finished building: stm32bootloader.bin
Finished building: stm32bootloader.list
 
 
04:08:29 **** Incremental Build of configuration Debug for project stm32app ****
make -j16 all 
arm-none-eabi-size  stm32app.elf 
   text	   data	    bss	    dec	    hex	filename
  12940	     12	   1844	  14796	   39cc	stm32app.elf
Finished building: default.size.stdout
 
04:08:30 **** Incremental Build of configuration Debug for project stm32bootloader ****
make -j16 all 
arm-none-eabi-gcc "../Core/Src/main.c" -mcpu=cortex-m4 -std=gnu11 -g3 -DDEBUG -DUSE_HAL_DRIVER -DSTM32L476xx -c -I../Core/Inc -I../Drivers/STM32L4xx_HAL_Driver/Inc -I../Drivers/STM32L4xx_HAL_Driver/Inc/Legacy -I../Drivers/CMSIS/Device/ST/STM32L4xx/Include -I../Drivers/CMSIS/Include -O0 -ffunction-sections -fdata-sections -Wall -fstack-usage -fcyclomatic-complexity -MMD -MP -MF"Core/Src/main.d" -MT"Core/Src/main.o" --specs=nano.specs -mfpu=fpv4-sp-d16 -mfloat-abi=hard -mthumb -o "Core/Src/main.o"
arm-none-eabi-gcc -o "stm32bootloader.elf" @"objects.list"   -mcpu=cortex-m4 -T"C:\Projects\C Projects\STM32-MQTT-Bootloader\stm32bootloader\STM32L476XX_FLASH.ld" --specs=nosys.specs -Wl,-Map="stm32bootloader.map" -Wl,--gc-sections -static --specs=nano.specs -mfpu=fpv4-sp-d16 -mfloat-abi=hard -mthumb -Wl,--start-group -lc -lm -Wl,--end-group
Finished building target: stm32bootloader.elf
 
arm-none-eabi-size  stm32bootloader.elf 
arm-none-eabi-objdump -h -S stm32bootloader.elf  > "stm32bootloader.list"
   text	   data	    bss	    dec	    hex	filename
  13200	     16	   1840	  15056	   3ad0	stm32bootloader.elf
arm-none-eabi-objcopy  -O binary stm32bootloader.elf  "stm32bootloader.bin"
Finished building: default.size.stdout
 
Finished building: stm32bootloader.bin
Finished building: stm32bootloader.list
 
 
04:12:23 **** Incremental Build of configuration Debug for project stm32app ****
make -j16 all 
arm-none-eabi-gcc "../Core/Src/system_stm32l4xx.c" -mcpu=cortex-m4 -std=gnu11 -g3 -DDEBUG -DUSE_HAL_DRIVER -DSTM32L476xx -c -I../Core/Inc -I../Drivers/STM32L4xx_HAL_Driver/Inc -I../Drivers/STM32L4xx_HAL_Driver/Inc/Legacy -I../Drivers/CMSIS/Device/ST/STM32L4xx/Include -I../Drivers/CMSIS/Include -O0 -ffunction-sections -fdata-sections -Wall -fstack-usage -fcyclomatic-complexity -MMD -MP -MF"Core/Src/system_stm32l4xx.d" -MT"Core/Src/system_stm32l4xx.o" --specs=nano.specs -mfpu=fpv4-sp-d16 -mfloat-abi=hard -mthumb -o "Core/Src/system_stm32l4xx.o"
arm-none-eabi-gcc -o "stm32app.elf" @"objects.list"   -mcpu=cortex-m4 -T"C:\Projects\C Projects\STM32-MQTT-Bootloader\stm32app\STM32L476RGTX_FLASH.ld" --specs=nosys.specs -Wl,-Map="stm32app.map" -Wl,--gc-sections -static --specs=nano.specs -mfpu=fpv4-sp-d16 -mfloat-abi=hard -mthumb -Wl,--start-group -lc -lm -Wl,--end-group
Finished building target: stm32app.elf
 
arm-none-eabi-size  stm32app.elf 
arm-none-eabi-objdump -h -S stm32app.elf  > "stm32app.list"
   text	   data	    bss	    dec	    hex	filename
  12940	     12	   1844	  14796	   39cc	stm32app.elf
arm-none-eabi-objcopy  -O binary stm32app.elf  "stm32app.bin"
Finished building: default.size.stdout
 
Finished building: stm32app.bin
Finished building: stm32app.list
 
 
04:12:24 **** Incremental Build of configuration Debug for project stm32bootloader ****
make -j16 all 
arm-none-eabi-gcc "../Core/Src/main.c" -mcpu=cortex-m4 -std=gnu11 -g3 -DDEBUG -DUSE_HAL_DRIVER -DSTM32L476xx -c -I../Core/Inc -I../Drivers/STM32L4xx_HAL_Driver/Inc -I../Drivers/STM32L4xx_HAL_Driver/Inc/Legacy -I../Drivers/CMSIS/Device/ST/STM32L4xx/Include -I../Drivers/CMSIS/Include -O0 -ffunction-sections -fdata-sections -Wall -fstack-usage -fcyclomatic-complexity -MMD -MP -MF"Core/Src/main.d" -MT"Core/Src/main.o" --specs=nano.specs -mfpu=fpv4-sp-d16 -mfloat-abi=hard -mthumb -o "Core/Src/main.o"
arm-none-eabi-gcc -o "stm32bootloader.elf" @"objects.list"   -mcpu=cortex-m4 -T"C:\Projects\C Projects\STM32-MQTT-Bootloader\stm32bootloader\STM32L476XX_FLASH.ld" --specs=nosys.specs -Wl,-Map="stm32bootloader.map" -Wl,--gc-sections -static --specs=nano.specs -mfpu=fpv4-sp-d16 -mfloat-abi=hard -mthumb -Wl,--start-group -lc -lm -Wl,--end-group
Finished building target: stm32bootloader.elf
 
arm-none-eabi-size  stm32bootloader.elf 
arm-none-eabi-objdump -h -S stm32bootloader.elf  > "stm32bootloader.list"
   text	   data	    bss	    dec	    hex	filename
  13208	     16	   1840	  15064	   3ad8	stm32bootloader.elf
arm-none-eabi-objcopy  -O binary stm32bootloader.elf  "stm32bootloader.bin"
Finished building: default.size.stdout
 
Finished building: stm32bootloader.bin
Finished building: stm32bootloader.list
 
 
00:23:50 **** Build of configuration Debug for project stm32app ****
make -j16 all 
arm-none-eabi-gcc "../Core/Src/main.c" -mcpu=cortex-m4 -std=gnu11 -g3 -DDEBUG -DUSE_HAL_DRIVER -DSTM32L476xx -c -I../Core/Inc -I../Drivers/STM32L4xx_HAL_Driver/Inc -I../Drivers/STM32L4xx_HAL_Driver/Inc/Legacy -I../Drivers/CMSIS/Device/ST/STM32L4xx/Include -I../Drivers/CMSIS/Include -O0 -ffunction-sections -fdata-sections -Wall -fstack-usage -fcyclomatic-complexity -MMD -MP -MF"Core/Src/main.d" -MT"Core/Src/main.o" --specs=nano.specs -mfpu=fpv4-sp-d16 -mfloat-abi=hard -mthumb -o "Core/Src/main.o"
arm-none-eabi-gcc -o "stm32app.elf" @"objects.list"   -mcpu=cortex-m4 -T"C:\Projects\C Projects\STM32-MQTT-Bootloader\stm32app\STM32L476RGTX_FLASH.ld" --specs=nosys.specs -Wl,-Map="stm32app.map" -Wl,--gc-sections -static --specs=nano.specs -mfpu=fpv4-sp-d16 -mfloat-abi=hard -mthumb -Wl,--start-group -lc -lm -Wl,--end-group
Finished building target: stm32app.elf
 
arm-none-eabi-size  stm32app.elf 
arm-none-eabi-objdump -h -S stm32app.elf  > "stm32app.list"
   text	   data	    bss	    dec	    hex	filename
  13080	     12	   1844	  14936	   3a58	stm32app.elf
arm-none-eabi-objcopy  -O binary stm32app.elf  "stm32app.bin"
Finished building: default.size.stdout
 
Finished building: stm32app.bin
Finished building: stm32app.list
 
 
00:23:51 **** Build of configuration Debug for project stm32bootloader ****
make -j16 all 
arm-none-eabi-gcc "../Core/Src/main.c" -mcpu=cortex-m4 -std=gnu11 -g3 -DDEBUG -DUSE_HAL_DRIVER -DSTM32L476xx -c -I../Core/Inc -I../Drivers/STM32L4xx_HAL_Driver/Inc -I../Drivers/STM32L4xx_HAL_Driver/Inc/Legacy -I../Drivers/CMSIS/Device/ST/STM32L4xx/Include -I../Drivers/CMSIS/Include -O0 -ffunction-sections -fdata-sections -Wall -fstack-usage -fcyclomatic-complexity -MMD -MP -MF"Core/Src/main.d" -MT"Core/Src/main.o" --specs=nano.specs -mfpu=fpv4-sp-d16 -mfloat-abi=hard -mthumb -o "Core/Src/main.o"
arm-none-eabi-gcc -o "stm32bootloader.elf" @"objects.list"   -mcpu=cortex-m4 -T"C:\Projects\C Projects\STM32-MQTT-Bootloader\stm32bootloader\STM32L476XX_FLASH.ld" --specs=nosys.specs -Wl,-Map="stm32bootloader.map" -Wl,--gc-sections -static --specs=nano.specs -mfpu=fpv4-sp-d16 -mfloat-abi=hard -mthumb -Wl,--start-group -lc -lm -Wl,--end-group
C:/Program Files/ST/STM32CubeIDE_2.1.1/STM32CubeIDE/plugins/com.st.stm32cube.ide.mcu.externaltools.gnu-tools-for-stm32.14.3.rel1.win32_1.0.100.202602081740/tools/bin/../lib/gcc/arm-none-eabi/14.3.1/../../../../arm-none-eabi/bin/ld.exe: ./Core/Src/main.o: in function `jumpToApplication':
C:/Projects/C Projects/STM32-MQTT-Bootloader/stm32bootloader/Debug/../Core/Src/main.c:63: multiple definition of `jumpToApplication'; ./Core/Src/bl_jump.o:C:/Projects/C Projects/STM32-MQTT-Bootloader/stm32bootloader/Debug/../Core/Src/bl_jump.c:7: first defined here
collect2.exe: error: ld returned 1 exit status
make: *** [makefile:67: stm32bootloader.elf] Error 1
"make -j16 all" terminated with exit code 2. Build might be incomplete.
00:24:57 **** Incremental Build of configuration Debug for project stm32app ****
make -j16 all 
arm-none-eabi-size  stm32app.elf 
   text	   data	    bss	    dec	    hex	filename
  13080	     12	   1844	  14936	   3a58	stm32app.elf
Finished building: default.size.stdout
 
00:24:57 **** Incremental Build of configuration Debug for project stm32bootloader ****
make -j16 all 
arm-none-eabi-gcc "../Core/Src/main.c" -mcpu=cortex-m4 -std=gnu11 -g3 -DDEBUG -DUSE_HAL_DRIVER -DSTM32L476xx -c -I../Core/Inc -I../Drivers/STM32L4xx_HAL_Driver/Inc -I../Drivers/STM32L4xx_HAL_Driver/Inc/Legacy -I../Drivers/CMSIS/Device/ST/STM32L4xx/Include -I../Drivers/CMSIS/Include -O0 -ffunction-sections -fdata-sections -Wall -fstack-usage -fcyclomatic-complexity -MMD -MP -MF"Core/Src/main.d" -MT"Core/Src/main.o" --specs=nano.specs -mfpu=fpv4-sp-d16 -mfloat-abi=hard -mthumb -o "Core/Src/main.o"
arm-none-eabi-gcc "../Core/Src/stm32l4xx_hal_msp.c" -mcpu=cortex-m4 -std=gnu11 -g3 -DDEBUG -DUSE_HAL_DRIVER -DSTM32L476xx -c -I../Core/Inc -I../Drivers/STM32L4xx_HAL_Driver/Inc -I../Drivers/STM32L4xx_HAL_Driver/Inc/Legacy -I../Drivers/CMSIS/Device/ST/STM32L4xx/Include -I../Drivers/CMSIS/Include -O0 -ffunction-sections -fdata-sections -Wall -fstack-usage -fcyclomatic-complexity -MMD -MP -MF"Core/Src/stm32l4xx_hal_msp.d" -MT"Core/Src/stm32l4xx_hal_msp.o" --specs=nano.specs -mfpu=fpv4-sp-d16 -mfloat-abi=hard -mthumb -o "Core/Src/stm32l4xx_hal_msp.o"
arm-none-eabi-gcc "../Core/Src/stm32l4xx_it.c" -mcpu=cortex-m4 -std=gnu11 -g3 -DDEBUG -DUSE_HAL_DRIVER -DSTM32L476xx -c -I../Core/Inc -I../Drivers/STM32L4xx_HAL_Driver/Inc -I../Drivers/STM32L4xx_HAL_Driver/Inc/Legacy -I../Drivers/CMSIS/Device/ST/STM32L4xx/Include -I../Drivers/CMSIS/Include -O0 -ffunction-sections -fdata-sections -Wall -fstack-usage -fcyclomatic-complexity -MMD -MP -MF"Core/Src/stm32l4xx_it.d" -MT"Core/Src/stm32l4xx_it.o" --specs=nano.specs -mfpu=fpv4-sp-d16 -mfloat-abi=hard -mthumb -o "Core/Src/stm32l4xx_it.o"
arm-none-eabi-gcc "../Core/Src/syscalls.c" -mcpu=cortex-m4 -std=gnu11 -g3 -DDEBUG -DUSE_HAL_DRIVER -DSTM32L476xx -c -I../Core/Inc -I../Drivers/STM32L4xx_HAL_Driver/Inc -I../Drivers/STM32L4xx_HAL_Driver/Inc/Legacy -I../Drivers/CMSIS/Device/ST/STM32L4xx/Include -I../Drivers/CMSIS/Include -O0 -ffunction-sections -fdata-sections -Wall -fstack-usage -fcyclomatic-complexity -MMD -MP -MF"Core/Src/syscalls.d" -MT"Core/Src/syscalls.o" --specs=nano.specs -mfpu=fpv4-sp-d16 -mfloat-abi=hard -mthumb -o "Core/Src/syscalls.o"
arm-none-eabi-gcc "../Core/Src/sysmem.c" -mcpu=cortex-m4 -std=gnu11 -g3 -DDEBUG -DUSE_HAL_DRIVER -DSTM32L476xx -c -I../Core/Inc -I../Drivers/STM32L4xx_HAL_Driver/Inc -I../Drivers/STM32L4xx_HAL_Driver/Inc/Legacy -I../Drivers/CMSIS/Device/ST/STM32L4xx/Include -I../Drivers/CMSIS/Include -O0 -ffunction-sections -fdata-sections -Wall -fstack-usage -fcyclomatic-complexity -MMD -MP -MF"Core/Src/sysmem.d" -MT"Core/Src/sysmem.o" --specs=nano.specs -mfpu=fpv4-sp-d16 -mfloat-abi=hard -mthumb -o "Core/Src/sysmem.o"
arm-none-eabi-gcc "../Core/Src/system_stm32l4xx.c" -mcpu=cortex-m4 -std=gnu11 -g3 -DDEBUG -DUSE_HAL_DRIVER -DSTM32L476xx -c -I../Core/Inc -I../Drivers/STM32L4xx_HAL_Driver/Inc -I../Drivers/STM32L4xx_HAL_Driver/Inc/Legacy -I../Drivers/CMSIS/Device/ST/STM32L4xx/Include -I../Drivers/CMSIS/Include -O0 -ffunction-sections -fdata-sections -Wall -fstack-usage -fcyclomatic-complexity -MMD -MP -MF"Core/Src/system_stm32l4xx.d" -MT"Core/Src/system_stm32l4xx.o" --specs=nano.specs -mfpu=fpv4-sp-d16 -mfloat-abi=hard -mthumb -o "Core/Src/system_stm32l4xx.o"
arm-none-eabi-gcc -o "stm32bootloader.elf" @"objects.list"   -mcpu=cortex-m4 -T"C:\Projects\C Projects\STM32-MQTT-Bootloader\stm32bootloader\STM32L476XX_FLASH.ld" --specs=nosys.specs -Wl,-Map="stm32bootloader.map" -Wl,--gc-sections -static --specs=nano.specs -mfpu=fpv4-sp-d16 -mfloat-abi=hard -mthumb -Wl,--start-group -lc -lm -Wl,--end-group
Finished building target: stm32bootloader.elf
 
arm-none-eabi-size  stm32bootloader.elf 
arm-none-eabi-objdump -h -S stm32bootloader.elf  > "stm32bootloader.list"
   text	   data	    bss	    dec	    hex	filename
  13504	     16	   1840	  15360	   3c00	stm32bootloader.elf
arm-none-eabi-objcopy  -O binary stm32bootloader.elf  "stm32bootloader.bin"
Finished building: default.size.stdout
 
Finished building: stm32bootloader.bin
 
Finished building: stm32bootloader.list
 
00:27:20 **** Incremental Build of configuration Debug for project stm32app ****
make -j16 all 
arm-none-eabi-size  stm32app.elf 
   text	   data	    bss	    dec	    hex	filename
  13080	     12	   1844	  14936	   3a58	stm32app.elf
Finished building: default.size.stdout
 
00:27:20 **** Incremental Build of configuration Debug for project stm32bootloader ****
make -j16 all 
arm-none-eabi-gcc "../Core/Src/main.c" -mcpu=cortex-m4 -std=gnu11 -g3 -DDEBUG -DUSE_HAL_DRIVER -DSTM32L476xx -c -I../Core/Inc -I../Drivers/STM32L4xx_HAL_Driver/Inc -I../Drivers/STM32L4xx_HAL_Driver/Inc/Legacy -I../Drivers/CMSIS/Device/ST/STM32L4xx/Include -I../Drivers/CMSIS/Include -O0 -ffunction-sections -fdata-sections -Wall -fstack-usage -fcyclomatic-complexity -MMD -MP -MF"Core/Src/main.d" -MT"Core/Src/main.o" --specs=nano.specs -mfpu=fpv4-sp-d16 -mfloat-abi=hard -mthumb -o "Core/Src/main.o"
arm-none-eabi-gcc -o "stm32bootloader.elf" @"objects.list"   -mcpu=cortex-m4 -T"C:\Projects\C Projects\STM32-MQTT-Bootloader\stm32bootloader\STM32L476XX_FLASH.ld" --specs=nosys.specs -Wl,-Map="stm32bootloader.map" -Wl,--gc-sections -static --specs=nano.specs -mfpu=fpv4-sp-d16 -mfloat-abi=hard -mthumb -Wl,--start-group -lc -lm -Wl,--end-group
Finished building target: stm32bootloader.elf
 
arm-none-eabi-size  stm32bootloader.elf 
arm-none-eabi-objdump -h -S stm32bootloader.elf  > "stm32bootloader.list"
   text	   data	    bss	    dec	    hex	filename
  13512	     16	   1840	  15368	   3c08	stm32bootloader.elf
arm-none-eabi-objcopy  -O binary stm32bootloader.elf  "stm32bootloader.bin"
Finished building: default.size.stdout
 
Finished building: stm32bootloader.bin
Finished building: stm32bootloader.list
 
 
00:30:55 **** Incremental Build of configuration Debug for project stm32app ****
make -j16 all 
arm-none-eabi-size  stm32app.elf 
   text	   data	    bss	    dec	    hex	filename
  13080	     12	   1844	  14936	   3a58	stm32app.elf
Finished building: default.size.stdout
 
00:30:55 **** Incremental Build of configuration Debug for project stm32bootloader ****
make -j16 all 
arm-none-eabi-gcc "../Core/Src/main.c" -mcpu=cortex-m4 -std=gnu11 -g3 -DDEBUG -DUSE_HAL_DRIVER -DSTM32L476xx -c -I../Core/Inc -I../Drivers/STM32L4xx_HAL_Driver/Inc -I../Drivers/STM32L4xx_HAL_Driver/Inc/Legacy -I../Drivers/CMSIS/Device/ST/STM32L4xx/Include -I../Drivers/CMSIS/Include -O0 -ffunction-sections -fdata-sections -Wall -fstack-usage -fcyclomatic-complexity -MMD -MP -MF"Core/Src/main.d" -MT"Core/Src/main.o" --specs=nano.specs -mfpu=fpv4-sp-d16 -mfloat-abi=hard -mthumb -o "Core/Src/main.o"
arm-none-eabi-gcc -o "stm32bootloader.elf" @"objects.list"   -mcpu=cortex-m4 -T"C:\Projects\C Projects\STM32-MQTT-Bootloader\stm32bootloader\STM32L476XX_FLASH.ld" --specs=nosys.specs -Wl,-Map="stm32bootloader.map" -Wl,--gc-sections -static --specs=nano.specs -mfpu=fpv4-sp-d16 -mfloat-abi=hard -mthumb -Wl,--start-group -lc -lm -Wl,--end-group
Finished building target: stm32bootloader.elf
 
arm-none-eabi-size  stm32bootloader.elf 
arm-none-eabi-objdump -h -S stm32bootloader.elf  > "stm32bootloader.list"
   text	   data	    bss	    dec	    hex	filename
  13512	     16	   1840	  15368	   3c08	stm32bootloader.elf
arm-none-eabi-objcopy  -O binary stm32bootloader.elf  "stm32bootloader.bin"
Finished building: default.size.stdout
 
Finished building: stm32bootloader.bin
Finished building: stm32bootloader.list
 
 
00:35:28 **** Incremental Build of configuration Debug for project stm32app ****
make -j16 all 
arm-none-eabi-size  stm32app.elf 
   text	   data	    bss	    dec	    hex	filename
  13080	     12	   1844	  14936	   3a58	stm32app.elf
Finished building: default.size.stdout
 
00:35:29 **** Incremental Build of configuration Debug for project stm32bootloader ****
make -j16 all 
arm-none-eabi-gcc "../Core/Src/main.c" -mcpu=cortex-m4 -std=gnu11 -g3 -DDEBUG -DUSE_HAL_DRIVER -DSTM32L476xx -c -I../Core/Inc -I../Drivers/STM32L4xx_HAL_Driver/Inc -I../Drivers/STM32L4xx_HAL_Driver/Inc/Legacy -I../Drivers/CMSIS/Device/ST/STM32L4xx/Include -I../Drivers/CMSIS/Include -O0 -ffunction-sections -fdata-sections -Wall -fstack-usage -fcyclomatic-complexity -MMD -MP -MF"Core/Src/main.d" -MT"Core/Src/main.o" --specs=nano.specs -mfpu=fpv4-sp-d16 -mfloat-abi=hard -mthumb -o "Core/Src/main.o"
arm-none-eabi-gcc -o "stm32bootloader.elf" @"objects.list"   -mcpu=cortex-m4 -T"C:\Projects\C Projects\STM32-MQTT-Bootloader\stm32bootloader\STM32L476XX_FLASH.ld" --specs=nosys.specs -Wl,-Map="stm32bootloader.map" -Wl,--gc-sections -static --specs=nano.specs -mfpu=fpv4-sp-d16 -mfloat-abi=hard -mthumb -Wl,--start-group -lc -lm -Wl,--end-group
Finished building target: stm32bootloader.elf
 
arm-none-eabi-size  stm32bootloader.elf 
arm-none-eabi-objdump -h -S stm32bootloader.elf  > "stm32bootloader.list"
   text	   data	    bss	    dec	    hex	filename
  13504	     16	   1840	  15360	   3c00	stm32bootloader.elf
arm-none-eabi-objcopy  -O binary stm32bootloader.elf  "stm32bootloader.bin"
Finished building: default.size.stdout
 
Finished building: stm32bootloader.bin
Finished building: stm32bootloader.list
 
 
00:43:00 **** Incremental Build of configuration Debug for project stm32app ****
make -j16 all 
arm-none-eabi-size  stm32app.elf 
   text	   data	    bss	    dec	    hex	filename
  13080	     12	   1844	  14936	   3a58	stm32app.elf
Finished building: default.size.stdout
 
00:43:01 **** Incremental Build of configuration Debug for project stm32bootloader ****
make -j16 all 
arm-none-eabi-gcc "../Core/Src/main.c" -mcpu=cortex-m4 -std=gnu11 -g3 -DDEBUG -DUSE_HAL_DRIVER -DSTM32L476xx -c -I../Core/Inc -I../Drivers/STM32L4xx_HAL_Driver/Inc -I../Drivers/STM32L4xx_HAL_Driver/Inc/Legacy -I../Drivers/CMSIS/Device/ST/STM32L4xx/Include -I../Drivers/CMSIS/Include -O0 -ffunction-sections -fdata-sections -Wall -fstack-usage -fcyclomatic-complexity -MMD -MP -MF"Core/Src/main.d" -MT"Core/Src/main.o" --specs=nano.specs -mfpu=fpv4-sp-d16 -mfloat-abi=hard -mthumb -o "Core/Src/main.o"
arm-none-eabi-gcc -o "stm32bootloader.elf" @"objects.list"   -mcpu=cortex-m4 -T"C:\Projects\C Projects\STM32-MQTT-Bootloader\stm32bootloader\STM32L476XX_FLASH.ld" --specs=nosys.specs -Wl,-Map="stm32bootloader.map" -Wl,--gc-sections -static --specs=nano.specs -mfpu=fpv4-sp-d16 -mfloat-abi=hard -mthumb -Wl,--start-group -lc -lm -Wl,--end-group
Finished building target: stm32bootloader.elf
 
arm-none-eabi-size  stm32bootloader.elf 
arm-none-eabi-objdump -h -S stm32bootloader.elf  > "stm32bootloader.list"
   text	   data	    bss	    dec	    hex	filename
  13264	     16	   1840	  15120	   3b10	stm32bootloader.elf
arm-none-eabi-objcopy  -O binary stm32bootloader.elf  "stm32bootloader.bin"
Finished building: default.size.stdout
 
Finished building: stm32bootloader.bin
Finished building: stm32bootloader.list
 
 
00:51:50 **** Incremental Build of configuration Debug for project stm32app ****
make -j16 all 
arm-none-eabi-gcc "../Core/Src/system_stm32l4xx.c" -mcpu=cortex-m4 -std=gnu11 -g3 -DDEBUG -DUSE_HAL_DRIVER -DSTM32L476xx -c -I../Core/Inc -I../Drivers/STM32L4xx_HAL_Driver/Inc -I../Drivers/STM32L4xx_HAL_Driver/Inc/Legacy -I../Drivers/CMSIS/Device/ST/STM32L4xx/Include -I../Drivers/CMSIS/Include -O0 -ffunction-sections -fdata-sections -Wall -fstack-usage -fcyclomatic-complexity -MMD -MP -MF"Core/Src/system_stm32l4xx.d" -MT"Core/Src/system_stm32l4xx.o" --specs=nano.specs -mfpu=fpv4-sp-d16 -mfloat-abi=hard -mthumb -o "Core/Src/system_stm32l4xx.o"
arm-none-eabi-gcc -o "stm32app.elf" @"objects.list"   -mcpu=cortex-m4 -T"C:\Projects\C Projects\STM32-MQTT-Bootloader\stm32app\STM32L476RGTX_FLASH.ld" --specs=nosys.specs -Wl,-Map="stm32app.map" -Wl,--gc-sections -static --specs=nano.specs -mfpu=fpv4-sp-d16 -mfloat-abi=hard -mthumb -Wl,--start-group -lc -lm -Wl,--end-group
Finished building target: stm32app.elf
 
arm-none-eabi-size  stm32app.elf 
arm-none-eabi-objdump -h -S stm32app.elf  > "stm32app.list"
   text	   data	    bss	    dec	    hex	filename
  13080	     12	   1844	  14936	   3a58	stm32app.elf
arm-none-eabi-objcopy  -O binary stm32app.elf  "stm32app.bin"
Finished building: default.size.stdout
 
Finished building: stm32app.bin
Finished building: stm32app.list
 
 
00:51:51 **** Incremental Build of configuration Debug for project stm32bootloader ****
make -j16 all 
arm-none-eabi-size  stm32bootloader.elf 
   text	   data	    bss	    dec	    hex	filename
  13264	     16	   1840	  15120	   3b10	stm32bootloader.elf
Finished building: default.size.stdout
 
22:06:49 **** Incremental Build of configuration Debug for project stm32app ****
make -j16 all 
arm-none-eabi-size  stm32app.elf 
   text	   data	    bss	    dec	    hex	filename
  13080	     12	   1844	  14936	   3a58	stm32app.elf
Finished building: default.size.stdout
 
22:06:49 **** Incremental Build of configuration Debug for project stm32bootloader ****
make -j16 all 
arm-none-eabi-gcc "../Core/Src/main.c" -mcpu=cortex-m4 -std=gnu11 -g3 -DDEBUG -DUSE_HAL_DRIVER -DSTM32L476xx -c -I../Core/Inc -I../Drivers/STM32L4xx_HAL_Driver/Inc -I../Drivers/STM32L4xx_HAL_Driver/Inc/Legacy -I../Drivers/CMSIS/Device/ST/STM32L4xx/Include -I../Drivers/CMSIS/Include -O0 -ffunction-sections -fdata-sections -Wall -fstack-usage -fcyclomatic-complexity -MMD -MP -MF"Core/Src/main.d" -MT"Core/Src/main.o" --specs=nano.specs -mfpu=fpv4-sp-d16 -mfloat-abi=hard -mthumb -o "Core/Src/main.o"
arm-none-eabi-gcc -o "stm32bootloader.elf" @"objects.list"   -mcpu=cortex-m4 -T"C:\Projects\C Projects\STM32-MQTT-Bootloader\stm32bootloader\STM32L476XX_FLASH.ld" --specs=nosys.specs -Wl,-Map="stm32bootloader.map" -Wl,--gc-sections -static --specs=nano.specs -mfpu=fpv4-sp-d16 -mfloat-abi=hard -mthumb -Wl,--start-group -lc -lm -Wl,--end-group
Finished building target: stm32bootloader.elf
 
arm-none-eabi-size  stm32bootloader.elf 
arm-none-eabi-objdump -h -S stm32bootloader.elf  > "stm32bootloader.list"
   text	   data	    bss	    dec	    hex	filename
  13832	     16	   1840	  15688	   3d48	stm32bootloader.elf
arm-none-eabi-objcopy  -O binary stm32bootloader.elf  "stm32bootloader.bin"
Finished building: default.size.stdout
 
Finished building: stm32bootloader.bin
 
Finished building: stm32bootloader.list
 
23:30:10 **** Incremental Build of configuration Debug for project stm32app ****
make -j16 all 
arm-none-eabi-size  stm32app.elf 
   text	   data	    bss	    dec	    hex	filename
  13080	     12	   1844	  14936	   3a58	stm32app.elf
Finished building: default.size.stdout
 
23:30:10 **** Incremental Build of configuration Debug for project stm32bootloader ****
make -j16 all 
arm-none-eabi-gcc "../Core/Src/main.c" -mcpu=cortex-m4 -std=gnu11 -g3 -DDEBUG -DUSE_HAL_DRIVER -DSTM32L476xx -c -I../Core/Inc -I../Drivers/STM32L4xx_HAL_Driver/Inc -I../Drivers/STM32L4xx_HAL_Driver/Inc/Legacy -I../Drivers/CMSIS/Device/ST/STM32L4xx/Include -I../Drivers/CMSIS/Include -O0 -ffunction-sections -fdata-sections -Wall -fstack-usage -fcyclomatic-complexity -MMD -MP -MF"Core/Src/main.d" -MT"Core/Src/main.o" --specs=nano.specs -mfpu=fpv4-sp-d16 -mfloat-abi=hard -mthumb -o "Core/Src/main.o"
arm-none-eabi-gcc -o "stm32bootloader.elf" @"objects.list"   -mcpu=cortex-m4 -T"C:\Projects\C Projects\STM32-MQTT-Bootloader\stm32bootloader\STM32L476XX_FLASH.ld" --specs=nosys.specs -Wl,-Map="stm32bootloader.map" -Wl,--gc-sections -static --specs=nano.specs -mfpu=fpv4-sp-d16 -mfloat-abi=hard -mthumb -Wl,--start-group -lc -lm -Wl,--end-group
Finished building target: stm32bootloader.elf
 
arm-none-eabi-size  stm32bootloader.elf 
arm-none-eabi-objdump -h -S stm32bootloader.elf  > "stm32bootloader.list"
arm-none-eabi-objcopy  -O binary stm32bootloader.elf  "stm32bootloader.bin"
   text	   data	    bss	    dec	    hex	filename
  13920	     16	   1840	  15776	   3da0	stm32bootloader.elf
Finished building: default.size.stdout
 
Finished building: stm32bootloader.bin
 
Finished building: stm32bootloader.list
 
23:32:24 **** Incremental Build of configuration Debug for project stm32app ****
make -j16 all 
arm-none-eabi-size  stm32app.elf 
   text	   data	    bss	    dec	    hex	filename
  13080	     12	   1844	  14936	   3a58	stm32app.elf
Finished building: default.size.stdout
 
23:32:25 **** Incremental Build of configuration Debug for project stm32bootloader ****
make -j16 all 
arm-none-eabi-gcc "../Core/Src/main.c" -mcpu=cortex-m4 -std=gnu11 -g3 -DDEBUG -DUSE_HAL_DRIVER -DSTM32L476xx -c -I../Core/Inc -I../Drivers/STM32L4xx_HAL_Driver/Inc -I../Drivers/STM32L4xx_HAL_Driver/Inc/Legacy -I../Drivers/CMSIS/Device/ST/STM32L4xx/Include -I../Drivers/CMSIS/Include -O0 -ffunction-sections -fdata-sections -Wall -fstack-usage -fcyclomatic-complexity -MMD -MP -MF"Core/Src/main.d" -MT"Core/Src/main.o" --specs=nano.specs -mfpu=fpv4-sp-d16 -mfloat-abi=hard -mthumb -o "Core/Src/main.o"
arm-none-eabi-gcc -o "stm32bootloader.elf" @"objects.list"   -mcpu=cortex-m4 -T"C:\Projects\C Projects\STM32-MQTT-Bootloader\stm32bootloader\STM32L476XX_FLASH.ld" --specs=nosys.specs -Wl,-Map="stm32bootloader.map" -Wl,--gc-sections -static --specs=nano.specs -mfpu=fpv4-sp-d16 -mfloat-abi=hard -mthumb -Wl,--start-group -lc -lm -Wl,--end-group
Finished building target: stm32bootloader.elf
 
arm-none-eabi-size  stm32bootloader.elf 
arm-none-eabi-objdump -h -S stm32bootloader.elf  > "stm32bootloader.list"
   text	   data	    bss	    dec	    hex	filename
  13936	     16	   1840	  15792	   3db0	stm32bootloader.elf
arm-none-eabi-objcopy  -O binary stm32bootloader.elf  "stm32bootloader.bin"
Finished building: default.size.stdout
 
Finished building: stm32bootloader.list
Finished building: stm32bootloader.bin
 
 
23:33:58 **** Incremental Build of configuration Debug for project stm32app ****
make -j16 all 
arm-none-eabi-size  stm32app.elf 
   text	   data	    bss	    dec	    hex	filename
  13080	     12	   1844	  14936	   3a58	stm32app.elf
Finished building: default.size.stdout
 
23:33:59 **** Incremental Build of configuration Debug for project stm32bootloader ****
make -j16 all 
arm-none-eabi-gcc "../Core/Src/main.c" -mcpu=cortex-m4 -std=gnu11 -g3 -DDEBUG -DUSE_HAL_DRIVER -DSTM32L476xx -c -I../Core/Inc -I../Drivers/STM32L4xx_HAL_Driver/Inc -I../Drivers/STM32L4xx_HAL_Driver/Inc/Legacy -I../Drivers/CMSIS/Device/ST/STM32L4xx/Include -I../Drivers/CMSIS/Include -O0 -ffunction-sections -fdata-sections -Wall -fstack-usage -fcyclomatic-complexity -MMD -MP -MF"Core/Src/main.d" -MT"Core/Src/main.o" --specs=nano.specs -mfpu=fpv4-sp-d16 -mfloat-abi=hard -mthumb -o "Core/Src/main.o"
arm-none-eabi-gcc -o "stm32bootloader.elf" @"objects.list"   -mcpu=cortex-m4 -T"C:\Projects\C Projects\STM32-MQTT-Bootloader\stm32bootloader\STM32L476XX_FLASH.ld" --specs=nosys.specs -Wl,-Map="stm32bootloader.map" -Wl,--gc-sections -static --specs=nano.specs -mfpu=fpv4-sp-d16 -mfloat-abi=hard -mthumb -Wl,--start-group -lc -lm -Wl,--end-group
Finished building target: stm32bootloader.elf
 
arm-none-eabi-size  stm32bootloader.elf 
arm-none-eabi-objdump -h -S stm32bootloader.elf  > "stm32bootloader.list"
arm-none-eabi-objcopy  -O binary stm32bootloader.elf  "stm32bootloader.bin"
   text	   data	    bss	    dec	    hex	filename
  13936	     16	   1840	  15792	   3db0	stm32bootloader.elf
Finished building: default.size.stdout
 
Finished building: stm32bootloader.bin
Finished building: stm32bootloader.list
 
 
23:37:34 **** Incremental Build of configuration Debug for project stm32app ****
make -j16 all 
arm-none-eabi-size  stm32app.elf 
   text	   data	    bss	    dec	    hex	filename
  13080	     12	   1844	  14936	   3a58	stm32app.elf
Finished building: default.size.stdout
 
23:37:35 **** Incremental Build of configuration Debug for project stm32bootloader ****
make -j16 all 
arm-none-eabi-gcc "../Core/Src/main.c" -mcpu=cortex-m4 -std=gnu11 -g3 -DDEBUG -DUSE_HAL_DRIVER -DSTM32L476xx -c -I../Core/Inc -I../Drivers/STM32L4xx_HAL_Driver/Inc -I../Drivers/STM32L4xx_HAL_Driver/Inc/Legacy -I../Drivers/CMSIS/Device/ST/STM32L4xx/Include -I../Drivers/CMSIS/Include -O0 -ffunction-sections -fdata-sections -Wall -fstack-usage -fcyclomatic-complexity -MMD -MP -MF"Core/Src/main.d" -MT"Core/Src/main.o" --specs=nano.specs -mfpu=fpv4-sp-d16 -mfloat-abi=hard -mthumb -o "Core/Src/main.o"
arm-none-eabi-gcc -o "stm32bootloader.elf" @"objects.list"   -mcpu=cortex-m4 -T"C:\Projects\C Projects\STM32-MQTT-Bootloader\stm32bootloader\STM32L476XX_FLASH.ld" --specs=nosys.specs -Wl,-Map="stm32bootloader.map" -Wl,--gc-sections -static --specs=nano.specs -mfpu=fpv4-sp-d16 -mfloat-abi=hard -mthumb -Wl,--start-group -lc -lm -Wl,--end-group
Finished building target: stm32bootloader.elf
 
arm-none-eabi-size  stm32bootloader.elf 
arm-none-eabi-objdump -h -S stm32bootloader.elf  > "stm32bootloader.list"
arm-none-eabi-objcopy  -O binary stm32bootloader.elf  "stm32bootloader.bin"
   text	   data	    bss	    dec	    hex	filename
  13952	     16	   1840	  15808	   3dc0	stm32bootloader.elf
Finished building: default.size.stdout
 
Finished building: stm32bootloader.bin
Finished building: stm32bootloader.list
 
 
23:54:18 **** Incremental Build of configuration Debug for project stm32app ****
make -j16 all 
arm-none-eabi-size  stm32app.elf 
   text	   data	    bss	    dec	    hex	filename
  13080	     12	   1844	  14936	   3a58	stm32app.elf
Finished building: default.size.stdout
 
23:54:19 **** Incremental Build of configuration Debug for project stm32bootloader ****
make -j16 all 
arm-none-eabi-gcc "../Core/Src/main.c" -mcpu=cortex-m4 -std=gnu11 -g3 -DDEBUG -DUSE_HAL_DRIVER -DSTM32L476xx -c -I../Core/Inc -I../Drivers/STM32L4xx_HAL_Driver/Inc -I../Drivers/STM32L4xx_HAL_Driver/Inc/Legacy -I../Drivers/CMSIS/Device/ST/STM32L4xx/Include -I../Drivers/CMSIS/Include -O0 -ffunction-sections -fdata-sections -Wall -fstack-usage -fcyclomatic-complexity -MMD -MP -MF"Core/Src/main.d" -MT"Core/Src/main.o" --specs=nano.specs -mfpu=fpv4-sp-d16 -mfloat-abi=hard -mthumb -o "Core/Src/main.o"
arm-none-eabi-gcc "../Core/Src/stm32l4xx_hal_msp.c" -mcpu=cortex-m4 -std=gnu11 -g3 -DDEBUG -DUSE_HAL_DRIVER -DSTM32L476xx -c -I../Core/Inc -I../Drivers/STM32L4xx_HAL_Driver/Inc -I../Drivers/STM32L4xx_HAL_Driver/Inc/Legacy -I../Drivers/CMSIS/Device/ST/STM32L4xx/Include -I../Drivers/CMSIS/Include -O0 -ffunction-sections -fdata-sections -Wall -fstack-usage -fcyclomatic-complexity -MMD -MP -MF"Core/Src/stm32l4xx_hal_msp.d" -MT"Core/Src/stm32l4xx_hal_msp.o" --specs=nano.specs -mfpu=fpv4-sp-d16 -mfloat-abi=hard -mthumb -o "Core/Src/stm32l4xx_hal_msp.o"
arm-none-eabi-gcc -o "stm32bootloader.elf" @"objects.list"   -mcpu=cortex-m4 -T"C:\Projects\C Projects\STM32-MQTT-Bootloader\stm32bootloader\STM32L476XX_FLASH.ld" --specs=nosys.specs -Wl,-Map="stm32bootloader.map" -Wl,--gc-sections -static --specs=nano.specs -mfpu=fpv4-sp-d16 -mfloat-abi=hard -mthumb -Wl,--start-group -lc -lm -Wl,--end-group
Finished building target: stm32bootloader.elf
 
arm-none-eabi-size  stm32bootloader.elf 
arm-none-eabi-objdump -h -S stm32bootloader.elf  > "stm32bootloader.list"
arm-none-eabi-objcopy  -O binary stm32bootloader.elf  "stm32bootloader.bin"
   text	   data	    bss	    dec	    hex	filename
  13960	     16	   1840	  15816	   3dc8	stm32bootloader.elf
Finished building: default.size.stdout
 
Finished building: stm32bootloader.bin
 
Finished building: stm32bootloader.list
 
00:16:03 **** Incremental Build of configuration Debug for project stm32app ****
make -j16 all 
arm-none-eabi-size  stm32app.elf 
   text	   data	    bss	    dec	    hex	filename
  13080	     12	   1844	  14936	   3a58	stm32app.elf
Finished building: default.size.stdout
 
00:16:04 **** Incremental Build of configuration Debug for project stm32bootloader ****
make -j16 all 
arm-none-eabi-gcc "../Core/Src/main.c" -mcpu=cortex-m4 -std=gnu11 -g3 -DDEBUG -DUSE_HAL_DRIVER -DSTM32L476xx -c -I../Core/Inc -I../Drivers/STM32L4xx_HAL_Driver/Inc -I../Drivers/STM32L4xx_HAL_Driver/Inc/Legacy -I../Drivers/CMSIS/Device/ST/STM32L4xx/Include -I../Drivers/CMSIS/Include -O0 -ffunction-sections -fdata-sections -Wall -fstack-usage -fcyclomatic-complexity -MMD -MP -MF"Core/Src/main.d" -MT"Core/Src/main.o" --specs=nano.specs -mfpu=fpv4-sp-d16 -mfloat-abi=hard -mthumb -o "Core/Src/main.o"
arm-none-eabi-gcc -o "stm32bootloader.elf" @"objects.list"   -mcpu=cortex-m4 -T"C:\Projects\C Projects\STM32-MQTT-Bootloader\stm32bootloader\STM32L476XX_FLASH.ld" --specs=nosys.specs -Wl,-Map="stm32bootloader.map" -Wl,--gc-sections -static --specs=nano.specs -mfpu=fpv4-sp-d16 -mfloat-abi=hard -mthumb -Wl,--start-group -lc -lm -Wl,--end-group
Finished building target: stm32bootloader.elf
 
arm-none-eabi-size  stm32bootloader.elf 
arm-none-eabi-objdump -h -S stm32bootloader.elf  > "stm32bootloader.list"
   text	   data	    bss	    dec	    hex	filename
  13960	     16	   1840	  15816	   3dc8	stm32bootloader.elf
arm-none-eabi-objcopy  -O binary stm32bootloader.elf  "stm32bootloader.bin"
Finished building: default.size.stdout
 
Finished building: stm32bootloader.list
Finished building: stm32bootloader.bin
 
 
